// Jest Snapshot v1, https://goo.gl/fbAQLP

exports[`Friends component rendered Friends component 1`] = `
Array [
  <div
    onClick={[Function]}
    style={
      Object {
        "bottom": 50,
        "cursor": "pointer",
        "opacity": 0,
        "position": "fixed",
        "right": 30,
        "transitionDelay": "0s",
        "transitionDuration": "0.2s",
        "transitionProperty": "opacity, visibility",
        "transitionTimingFunction": "linear",
        "visibility": "hidden",
        "zIndex": 5,
      }
    }
  >
    <span
      className="sc-bdVaJa iyrqmb"
    >
      up
    </span>
  </div>,
  <div
    className="sc-bxivhb ewfoPr"
  >
    Enter users id to know their mutual friends (you can find out user id below)
  </div>,
  <div
    className="sc-bZQynM dcysoQ"
  >
    <input
      className="sc-EHOje dzcabn"
      name="source_uid"
      onChange={[Function]}
      placeholder="source user id"
      type="text"
    />
    <input
      className="sc-EHOje dzcabn"
      name="target_uid"
      onChange={[Function]}
      placeholder="target user id"
      type="text"
    />
    <button
      className="sc-ifAKCX bszNgu"
      onClick={[Function]}
    >
      check
    </button>
    <input
      className="sc-EHOje dzcabn"
      name="user_ids"
      onChange={[Function]}
      placeholder="short name"
      type="text"
    />
    <button
      className="sc-ifAKCX bszNgu"
      onClick={[Function]}
    >
      check id
    </button>
  </div>,
]
`;
